"id";"user_id";"rin";"readed";"mailed"
1;1;"2060-AQ54";0;0
2;1;"2040-AF08";"0";"0"
3;1;"2060-AH37";"0";"0"
