"user_id";"username";"accessname";"password";"phone";"mobile";"email";"accesslevel_id";"company_id";"facility_id";"department_id";"grace";"creater_id"
"1";"admin";"admin";"3890967a490b25dddf7b821a9ac6b220";"000";"000";"admin@admin.admin";"3";2;"__NULL__";"__NULL__";"14";"0"
