"rin";"agency_code";"title";"stage";"significant";"date_received";"legal_deadline";"date_completed";"category"
"2060-AQ54";2060;"Notice of Upcoming Joint Rulemaking to Establish 2017 and Later Model Year Light duty Vehicle Greenhouse Gas Emissions and CAFE Standards";"Notice";"Yes";11/23/2010;"None";11/30/2010;"completed"
"2040-AF11";2040;"Water Quality Standards (Numeric Nutrient Criteria) for Florida's Lakes and Flowing Waters";"Final Rule";"Yes";"10/12/2010";"Judicial";"11/18/2010";"completed"
