"rin";"reg_agency_id";"title";"stage";"significant";"date_received";"legal_deadline";"date_completed";"category"
"2060-AQ54";2;"Notice of Upcoming Joint Rulemaking to Establish 2017 and Later Model Year Light duty Vehicle Greenhouse Gas Emissions and CAFE Standards";"Notice";"Yes";"11/23/2010";"None";"11/30/2010";"completed"
