"id";"user_id";"rin";"readed";"mailed"
1;1;"2060-AQ54";"TRUE";"FALSE"
