"id";"user_id";"rin";"readed";"mailed"
1;1;"2060-AQ54";"FALSE";"FALSE"
2;1;"2040-AF08";"FALSE";"FALSE"
3;1;"2040-AF10";"FALSE";"FALSE"
