"id";"user_id";"rin";"readed";"mailed"
1;1;"2060-AQ54";"FALSE";"FALSE"
2;1;"2040-AF11";"FALSE";"FALSE"
