"id";"customer_id";"limit_price_id";"type"
"1";"2";"3";"asap"
"2";"2";"4";"asap"
"3";"4";"5";"bpEnd"
"4";"4";"6";"bpEnd"
