"id";"customer_id";"limit_price_id";"current_value";"max_value"
"1";"2";"1";"0";"100"
"2";"2";"2";"0";"350"
