"payment_id";"invoice_id";"user_id";"txn_id";"paid";"due";"balance";"payment_date";"status";"payment_method_id"
"1";"1";"1";"8AG10682X48035410";"100.00";"0.00";"0.00";"2009-11-01 17:51:37";"Completed";"1"
"2";"1";"0";"Canceled";"100.00";"0.00";"100.00";"2010-12-18 14:36:59";"Completed";"__NULL__"
