"id";"customer_id";"module_billing_id";"start_date"
