"id";"customer_id";"module_billing_id";"start_date"
"1";"2";"20";"2010-12-18"
