"id";"customer_id";"limit_price_id";"current_value";"max_value"
"3";"2";"3";"0";"100"
"4";"2";"4";"0";"350"
