"id";"customer_id";"limit_price_id";"type"
"1";"2";"3";"asap"
"2";"2";"4";"asap"
"3";"4";"1";"bpEnd"
"4";"4";"2";"bpEnd"
