"id";"customer_id";"limit_price_id";"current_value";"max_value"
"1";"2";"1";"0";"100"
"2";"2";"2";"0";"350"
"3";"6";"1";"0";"50"
"4";"6";"2";"0";"300"
