"id";"customer_id";"billing_id";"type"
"1";"2";"4";"asap"
"2";"4";"1";"bpEnd"
