"id";"invoice_id";"one_time_charge";"amount";"billing_info";"limit_info";"custom_info";"module_id"
"1";"1";"0";"100";"Sources: 1, Months: 6, Type: self";__NULL__;__NULL__;__NULL__
"2";"2";"240";"149";"Sources: 2, Months: 1, Type: self";__NULL__;__NULL__;__NULL__
"3";"3";"160";"576";"Sources: 1, Months: 6, Type: self, ASAP";__NULL__;__NULL__;__NULL__
