"customer_id";"billing_id";"status";"discount";"balance"
"1";"1";"off";"0.00";"0.00"
"2";"2";"on";"0.00";"100.00"
"3";"3";"off";"0.00";"0.00"
"4";"4";"on";"0.00";"0.00"
"5";"5";"on";"0.00";"272.00"
