"id";"customer_id";"module_billing_id";"start_date"
"1";"2";"20";"2010-12-18"
"2";"2";"15";"2010-12-18"
"3";"2";"27";"2010-12-18"
