"id";"code";"name";"acronym";"track"
1;2040;"Water";"WATER";"1"
2;2060;"Air and Radiation";"AR";"1"
