"rin";"reg_agency_id";"title";"stage";"significant";"date_received";"legal_deadline";"date_completed";"category";"decision"
"2040-AF11";1;"Water Quality Standards (Numeric Nutrient Criteria) for Florida's Lakes and Flowing Waters";"Final Rule";"Yes";"2010-10-12";"Judicial";"2010-11-18";"completed";"Consistent with Change"
"2060-AQ54";2;"Notice of Upcoming Joint Rulemaking to Establish 2017 and Later Model Year Light duty Vehicle Greenhouse Gas Emissions and CAFE Standards";"Notice";"Yes";"2010-11-23";"None";"2010-11-30";"completed";"Consistent with Change"
