"id";"user_id";"rin";"readed";"mailed"
1;1;"2060-AQ54";"0";"0"
2;1;"2040-AF11";"0";"0"
